// Jest Snapshot v1, https://goo.gl/fbAQLP

exports[`CustomCard.vue should have a custom title and match snapshot 1`] = `
<div class="container">
  <div class="row text-center">
    <div class="col col-12">
      <p>About Us</p>
    </div>
  </div>
</div>
`;
