// Jest Snapshot v1, https://goo.gl/fbAQLP

exports[`Home component renders test message 1`] = `
<div
  class="home"
>
  <h1>
    This is the home page Woohoo!!
  </h1>
</div>
`;
